[bezirksseiten.nak-sued.de/index.html]
[backblue.gif]
[fade.gif]
[index.html]
[bezirksseiten.nak-sued.de/typo3temp/stylesheet_993134cfc37fc5.css]
[bezirksseiten.nak-sued.de/typo3conf/ext/aus_basic/Resources/Public/Css/aus_basic73cb.css]
[bezirksseiten.nak-sued.de/typo3conf/ext/aus_slider/Resources/Public/Css/aus_slider30c1.css]
[bezirksseiten.nak-sued.de/typo3conf/ext/nak_nakbezirke_de/Resources/Public/Css/aus_project24d2.css]
[bezirksseiten.nak-sued.de/typo3conf/ext/nak_nakbezirke_de/Resources/Public/Css/startseiteba4b.css]
[bezirksseiten.nak-sued.de/typo3conf/ext/nak_nakbezirke_de/Resources/Public/Images/favicon.ico]
[bezirksseiten.nak-sued.de/typo3conf/ext/nak_nakbezirke_de/Resources/Public/Images/logo_neuapostolische-kirche.jpg]
[bezirksseiten.nak-sued.de/typo3conf/ext/nak_nakbezirke_de/Resources/Public/Images/bg_image.jpg]
[bezirksseiten.nak-sued.de/kontakt/index.html]
[bezirksseiten.nak-sued.de/typo3conf/ext/aus_basic/Resources/Public/JavaScript/jquery.init.fancybox.min73cb.js]
[bezirksseiten.nak-sued.de/typo3conf/ext/aus_basic/Resources/Public/JavaScript/jquery.1.11.1.min73cb.js]
[bezirksseiten.nak-sued.de/typo3conf/ext/aus_slider/Resources/Public/JavaScript/jquery.easing.1.3.mincaef.js]
[bezirksseiten.nak-sued.de/typo3conf/ext/aus_slider/Resources/Public/JavaScript/jquery.migrate.1.2.1.mincaef.js]
[bezirksseiten.nak-sued.de/typo3conf/ext/aus_basic/Resources/Public/JavaScript/jquery.fancybox.min73cb.js]
[bezirksseiten.nak-sued.de/typo3conf/ext/aus_slider/Resources/Public/JavaScript/jquery.init.slider3c84.js]
[bezirksseiten.nak-sued.de/menuepunkt-1/unterseite-1/index.html]
[bezirksseiten.nak-sued.de/typo3conf/ext/aus_slider/Resources/Public/JavaScript/jquery.init.hotspots.min693f.js]
[bezirksseiten.nak-sued.de/typo3conf/ext/aus_slider/Resources/Public/JavaScript/jquery.camera.mincaef.js]
[bezirksseiten.nak-sued.de/typo3conf/ext/aus_slider/Resources/Public/JavaScript/jquery.flexslider.min693f.js]
[bezirksseiten.nak-sued.de/typo3conf/ext/nak_nakbezirke_de/Resources/Public/JavaScript/jquery.unveil.mine134.js]
[bezirksseiten.nak-sued.de/typo3conf/ext/aus_slider/Resources/Public/JavaScript/jquery.mobile.mincaef.js]
[bezirksseiten.nak-sued.de/menuepunkt-1/unterseite-2/index.html]
[bezirksseiten.nak-sued.de/typo3conf/ext/nak_nakbezirke_de/Resources/Public/JavaScript/jquery.selectbox.mine134.js]
[bezirksseiten.nak-sued.de/typo3conf/ext/nak_nakbezirke_de/Resources/Public/JavaScript/jquery.nak.mainmenu.min40d0.js]
[bezirksseiten.nak-sued.de/typo3conf/ext/nak_nakbezirke_de/Resources/Public/JavaScript/jquery.naksued.min40d0.js]
[bezirksseiten.nak-sued.de/typo3conf/ext/nak_district_events/Resources/Public/JavaScript/jquery.calendarbc3b.js]
[bezirksseiten.nak-sued.de/menuepunkt-1/unterseite-3/index.html]
[bezirksseiten.nak-sued.de/index.html]
[bezirksseiten.nak-sued.de/typo3temp/javascript_bd4d1f63e4c393.js]
[bezirksseiten.nak-sued.de/typo3conf/ext/nak_nakbezirke_de/Resources/Public/JavaScript/jquery.ui.mine134.js]
[bezirksseiten.nak-sued.de/typo3conf/ext/nak_nakbezirke_de/Resources/Public/JavaScript/jquery.parsley.mine134.js]
[bezirksseiten.nak-sued.de/menuepunkt-2/index.html]
[bezirksseiten.nak-sued.de/typo3temp/stylesheet_993134cfc37fc5.css]
[bezirksseiten.nak-sued.de/menuepunkt-2/unterseite-5/index.html]
[bezirksseiten.nak-sued.de/menuepunkt-3/index.html]
[bezirksseiten.nak-sued.de/typo3conf/ext/aus_basic/Resources/Public/Images/Fancybox/fancybox_sprite.png]
[bezirksseiten.nak-sued.de/typo3conf/ext/aus_basic/Resources/Public/Images/Fancybox/fancybox_loading.gif]
[bezirksseiten.nak-sued.de/menuepunkt-3/unterseite-6/index.html]
[bezirksseiten.nak-sued.de/typo3conf/ext/aus_basic/Resources/Public/Images/Fancybox/blank.gif]
[bezirksseiten.nak-sued.de/menuepunkt-3/unterseite-7/index.html]
[bezirksseiten.nak-sued.de/typo3conf/ext/aus_basic/Resources/Public/Images/Fancybox/fancybox_overlay.png]
[bezirksseiten.nak-sued.de/typo3conf/ext/aus_basic/Resources/Public/Images/Fancybox/fancybox_sprite@2x.png]
[bezirksseiten.nak-sued.de/typo3conf/ext/aus_basic/Resources/Public/Images/Fancybox/fancybox_loading@2x.gif]
[bezirksseiten.nak-sued.de/typo3conf/ext/aus_basic/Resources/Public/Css/aus_basic73cb.css]
[bezirksseiten.nak-sued.de/menuepunkt-3/unterseite-8/index.html]
[bezirksseiten.nak-sued.de/typo3conf/ext/aus_slider/Resources/Public/Images/CameraSlider/blank.gif]
[bezirksseiten.nak-sued.de/aktuelles/index.html]
[bezirksseiten.nak-sued.de/typo3conf/ext/aus_slider/Resources/Public/Images/CameraSlider/camera-loader.gif]
[bezirksseiten.nak-sued.de/aktuelles/news/das-ist-ein-neuer-bericht/index.html]
[bezirksseiten.nak-sued.de/typo3conf/ext/aus_slider/Resources/Public/Images/CameraSlider/camera_skins.png]
[bezirksseiten.nak-sued.de/typo3conf/ext/aus_slider/Resources/Public/Images/CameraSlider/Patterns/overlay1.png]
[bezirksseiten.nak-sued.de/typo3conf/ext/aus_slider/Resources/Public/Images/CameraSlider/Patterns/overlay2.png]
[bezirksseiten.nak-sued.de/typo3conf/ext/aus_slider/Resources/Public/Images/CameraSlider/Patterns/overlay3.png]
[bezirksseiten.nak-sued.de/aktuelles/news/und-noch-ein-neuer-bericht/index.html]
[bezirksseiten.nak-sued.de/typo3conf/ext/aus_slider/Resources/Public/Images/CameraSlider/Patterns/overlay4.png]
[bezirksseiten.nak-sued.de/aktuelles/news/und-hier-ist-noch-einer/index.html]
[bezirksseiten.nak-sued.de/typo3conf/ext/aus_slider/Resources/Public/Images/CameraSlider/Patterns/overlay5.png]
[bezirksseiten.nak-sued.de/typo3conf/ext/aus_slider/Resources/Public/Images/CameraSlider/Patterns/overlay6.png]
[bezirksseiten.nak-sued.de/typo3conf/ext/aus_slider/Resources/Public/Images/CameraSlider/Patterns/overlay7.png]
[bezirksseiten.nak-sued.de/typo3conf/ext/aus_slider/Resources/Public/Images/CameraSlider/Patterns/overlay8.png]
[bezirksseiten.nak-sued.de/typo3conf/ext/aus_slider/Resources/Public/Images/CameraSlider/Patterns/overlay9.png]
[bezirksseiten.nak-sued.de/typo3conf/ext/aus_slider/Resources/Public/Images/CameraSlider/Patterns/overlay10.png]
[bezirksseiten.nak-sued.de/typo3conf/ext/aus_slider/Resources/Public/Fonts/flexslider-icon.eot]
[bezirksseiten.nak-sued.de/typo3conf/ext/aus_slider/Resources/Public/Fonts/flexslider-icond41d.eot]
[bezirksseiten.nak-sued.de/impressumdatenschutz/index.html]
[bezirksseiten.nak-sued.de/typo3conf/ext/aus_slider/Resources/Public/Fonts/flexslider-icon.woff]
[bezirksseiten.nak-sued.de/typo3conf/ext/aus_slider/Resources/Public/Fonts/flexslider-icon.ttf]
[bezirksseiten.nak-sued.de/typo3conf/ext/aus_slider/Resources/Public/Css/aus_slider30c1.css]
[bezirksseiten.nak-sued.de/typo3conf/ext/nak_nakbezirke_de/Resources/Public/Fonts/CooperHewitt-Book.eot]
[bezirksseiten.nak-sued.de/typo3conf/ext/nak_nakbezirke_de/Resources/Public/Fonts/CooperHewitt-Book.woff]
[bezirksseiten.nak-sued.de/typo3conf/ext/nak_nakbezirke_de/Resources/Public/Fonts/CooperHewitt-Bookd41d.eot]
[bezirksseiten.nak-sued.de/typo3conf/ext/nak_nakbezirke_de/Resources/Public/Fonts/CooperHewitt-Book.ttf]
[bezirksseiten.nak-sued.de/typo3conf/ext/nak_nakbezirke_de/Resources/Public/Fonts/CooperHewitt-Medium.eot]
[bezirksseiten.nak-sued.de/typo3conf/ext/nak_nakbezirke_de/Resources/Public/Fonts/CooperHewitt-Medium.woff]
[bezirksseiten.nak-sued.de/typo3conf/ext/nak_nakbezirke_de/Resources/Public/Fonts/CooperHewitt-Medium.ttf]
[bezirksseiten.nak-sued.de/typo3conf/ext/nak_nakbezirke_de/Resources/Public/Fonts/CooperHewitt-Mediumd41d.eot]
[bezirksseiten.nak-sued.de/typo3conf/ext/nak_nakbezirke_de/Resources/Public/Fonts/CooperHewitt-Semibold.eot]
[bezirksseiten.nak-sued.de/typo3conf/ext/nak_nakbezirke_de/Resources/Public/Fonts/CooperHewitt-Semibold.woff]
[bezirksseiten.nak-sued.de/typo3conf/ext/nak_nakbezirke_de/Resources/Public/Fonts/CooperHewitt-Semiboldd41d.eot]
[bezirksseiten.nak-sued.de/typo3conf/ext/nak_nakbezirke_de/Resources/Public/Fonts/CooperHewitt-Semibold.ttf]
[bezirksseiten.nak-sued.de/typo3conf/ext/nak_nakbezirke_de/Resources/Public/Fonts/PT-Sans-Bold.eot]
[bezirksseiten.nak-sued.de/typo3conf/ext/nak_nakbezirke_de/Resources/Public/Fonts/PT-Sans-Bold.woff]
[bezirksseiten.nak-sued.de/typo3conf/ext/nak_nakbezirke_de/Resources/Public/Fonts/PT-Sans-Boldd41d.eot]
[bezirksseiten.nak-sued.de/typo3conf/ext/nak_nakbezirke_de/Resources/Public/Fonts/PT-Sans-Bold.ttf]
[bezirksseiten.nak-sued.de/typo3conf/ext/nak_nakbezirke_de/Resources/Public/Css/aus_project24d2.css]
[bezirksseiten.nak-sued.de/typo3conf/ext/nak_nakbezirke_de/Resources/Public/Css/startseiteba4b.css]
[bezirksseiten.nak-sued.de/typo3conf/ext/nak_nakbezirke_de/Resources/Public/Images/sprite.png]
[bezirksseiten.nak-sued.de/indexea6a.html]
[bezirksseiten.nak-sued.de/index6b63.html]
[bezirksseiten.nak-sued.de/index5f64.html]
[bezirksseiten.nak-sued.de/index7f62.html]
[bezirksseiten.nak-sued.de/index2416.html]
[bezirksseiten.nak-sued.de/index755e.html]
[bezirksseiten.nak-sued.de/kontakt/index.html]
[bezirksseiten.nak-sued.de/gemeindesuche/index.html]
[bezirksseiten.nak-sued.de/fileadmin/bezirke/Vorlage_Bezirke/01_Hauptnavigation/Menuepunkt_1/Unterseite_2/Probenplan_Jugendchor_2015.pdf]
[bezirksseiten.nak-sued.de/menuepunkt-1/unterseite-1/index.html]
[bezirksseiten.nak-sued.de/menuepunkt-1/unterseite-2/index.html]
[bezirksseiten.nak-sued.de/menuepunkt-1/unterseite-3/index.html]
[bezirksseiten.nak-sued.de/menuepunkt-2/index.html]
[bezirksseiten.nak-sued.de/menuepunkt-2/unterseite-5/index.html]
[bezirksseiten.nak-sued.de/menuepunkt-3/index.html]
[bezirksseiten.nak-sued.de/menuepunkt-3/unterseite-6/index.html]
[bezirksseiten.nak-sued.de/menuepunkt-3/unterseite-7/index.html]
[bezirksseiten.nak-sued.de/menuepunkt-3/unterseite-8/index.html]
[bezirksseiten.nak-sued.de/aktuelles/index.html]
[bezirksseiten.nak-sued.de/fileadmin/bezirke/Vorlage_Bezirke/02_Aktuelles/2015/Beispielfotos_-_nicht_verwenden/Dummy-Foto_News1.jpg]
[bezirksseiten.nak-sued.de/aktuelles/year/2015/index.html]
[bezirksseiten.nak-sued.de/fileadmin/bezirke/Vorlage_Bezirke/02_Aktuelles/2015/Beispielfotos_-_nicht_verwenden/Dummy-Foto_News2.jpg]
[bezirksseiten.nak-sued.de/fileadmin/_processed_/csm_Dummy-Foto_News1_7b4110f7ff.jpg]
[bezirksseiten.nak-sued.de/fileadmin/_processed_/csm_Dummy-Foto_News2_4f4ed244d1.jpg]
[bezirksseiten.nak-sued.de/aktuelles/news/das-ist-ein-neuer-bericht/index.html]
[bezirksseiten.nak-sued.de/aktuelles/news/und-noch-ein-neuer-bericht/index.html]
[bezirksseiten.nak-sued.de/aktuelles/news/und-hier-ist-noch-einer/index.html]
[bezirksseiten.nak-sued.de/nak-sueddeutschland/index.html]
[bezirksseiten.nak-sued.de/impressumdatenschutz/index.html]
[bezirksseiten.nak-sued.de/typo3conf/ext/aus_slider/Resources/Public/Fonts/flexslider-icon.svg]
[bezirksseiten.nak-sued.de/typo3conf/ext/nak_nakbezirke_de/Resources/Public/Fonts/CooperHewitt-Book.svg]
[bezirksseiten.nak-sued.de/typo3conf/ext/nak_nakbezirke_de/Resources/Public/Fonts/PT-Sans-Bold.svg]
[bezirksseiten.nak-sued.de/indexea6a.html]
[bezirksseiten.nak-sued.de/typo3conf/ext/formhandler/Resources/Images/notok.png]
[bezirksseiten.nak-sued.de/index6b63.html]
[bezirksseiten.nak-sued.de/index5f64.html]
[bezirksseiten.nak-sued.de/index7f62.html]
[bezirksseiten.nak-sued.de/index2416.html]
[bezirksseiten.nak-sued.de/index755e.html]
[bezirksseiten.nak-sued.de/aktuelles/year/2015/index.html]
[bezirksseiten.nak-sued.de/menuepunkt-2/unterseite-4/index.html]
